// Jest Snapshot v1, https://goo.gl/fbAQLP

exports[`SingleMission should match the snapshot 1`] = `
<DocumentFragment>
  Mission 1Mission 1 description
  <div
    class="member-badge"
  >
    NOT A MEMBER
  </div>
  <button
    class="joinBtn"
    type="button"
  >
    Join Mission
  </button>
</DocumentFragment>
`;
